/Users/swethashankar/Documents/OPT/MediverseVR/.venv/lib/python3.12/site-packages/numpy/lib/_format_impl.py:838: VisibleDeprecationWarning: dtype(): align should be passed as Python or NumPy boolean but got `align=0`. Did you mean to pass a tuple to create a subarray type? (Deprecated NumPy 2.4)
  array = pickle.load(fp, **pickle_kwargs)
ðə peɪʃənt ʌndɚwɛnt ə sɚd͡ʒɪkəl pɹoʊsid͡ʒɚ tə tɹit ə mɛtətɚzəl kəndɪʃən.
Character '͡' not found in the vocabulary. Discarding it.
Wrote manifest: /Users/swethashankar/Documents/OPT/MediverseVR/jobs/5e5d6db4-0e06-4b8f-94ae-71df3c7c7023/audio_manifest.json (3 narration clip(s) == 3 WAV file(s))
Audio directory: /Users/swethashankar/Documents/OPT/MediverseVR/jobs/5e5d6db4-0e06-4b8f-94ae-71df3c7c7023/audio_steps
============================================================
  MediverseVR — SRT Subtitle Generator
============================================================

📄 Loading from manifest:  /Users/swethashankar/Documents/OPT/MediverseVR/jobs/5e5d6db4-0e06-4b8f-94ae-71df3c7c7023/audio_manifest.json
   ✔  3 step(s) loaded from manifest.

┌─────┬──────────────────┬──────────────────┬─────────────────────────────────────────────────┐
│  #  │    Start time    │     End time     │  Text                                           │
├─────┼──────────────────┼──────────────────┼─────────────────────────────────────────────────┤
│ 1   │ 00:00:09,560     │ 00:00:14,797     │ The patient underwent a surgical procedure to t… │
│ 2   │ 00:00:19,920     │ 00:00:30,892     │ A scalpel was used to make an incision on the s… │
│ 3   │ 00:00:27,200     │ 00:00:31,624     │ A drilling procedure was then performed on the … │
└─────┴──────────────────┴──────────────────┴─────────────────────────────────────────────────┘

💾 Writing SRT → /Users/swethashankar/Documents/OPT/MediverseVR/jobs/5e5d6db4-0e06-4b8f-94ae-71df3c7c7023/captions.srt
   ✔  captions.srt written (3 subtitle block(s)).

✅ Done! Open the .srt file in any text editor to verify, or
   test it with:  ffplay -vf subtitles=captions.srt <your_video.mp4>

ffmpeg version 8.1 Copyright (c) 2000-2026 the FFmpeg developers
  built with Apple clang version 17.0.0 (clang-1700.6.4.2)
  configuration: --prefix=/opt/homebrew/Cellar/ffmpeg/8.1 --enable-shared --enable-pthreads --enable-version3 --cc=clang --host-cflags= --host-ldflags= --enable-ffplay --enable-gpl --enable-libsvtav1 --enable-libopus --enable-libx264 --enable-libmp3lame --enable-libdav1d --enable-libvpx --enable-libx265 --enable-openssl --enable-videotoolbox --enable-audiotoolbox --enable-neon
  libavutil      60. 26.100 / 60. 26.100
  libavcodec     62. 28.100 / 62. 28.100
  libavformat    62. 12.100 / 62. 12.100
  libavdevice    62.  3.100 / 62.  3.100
  libavfilter    11. 14.100 / 11. 14.100
  libswscale      9.  5.100 /  9.  5.100
  libswresample   6.  3.100 /  6.  3.100
Input #0, mov,mp4,m4a,3gp,3g2,mj2, from '/Users/swethashankar/Documents/OPT/MediverseVR/jobs/5e5d6db4-0e06-4b8f-94ae-71df3c7c7023/input_video.mp4':
  Metadata:
    major_brand     : isom
    minor_version   : 512
    compatible_brands: isomiso2avc1mp41
    encoder         : Lavf62.12.100
  Duration: 00:00:45.00, start: 0.000000, bitrate: 20 kb/s
  Stream #0:0[0x1](und): Video: h264 (High) (avc1 / 0x31637661), yuv420p(progressive), 1280x720 [SAR 1:1 DAR 16:9], 9 kb/s, 30 fps, 30 tbr, 15360 tbn (default)
    Metadata:
      handler_name    : VideoHandler
      encoder         : Lavc62.28.100 libx264
  Stream #0:1[0x2](und): Audio: aac (LC) (mp4a / 0x6134706D), 44100 Hz, mono, fltp, 1 kb/s (default)
    Metadata:
      handler_name    : SoundHandler
[aist#1:0/pcm_s16le @ 0xa8ac14780] Guessed Channel Layout: mono
Input #1, wav, from '/Users/swethashankar/Documents/OPT/MediverseVR/jobs/5e5d6db4-0e06-4b8f-94ae-71df3c7c7023/audio_steps/step_0000_e91b802e043b1f68.wav':
  Duration: 00:00:05.24, bitrate: 352 kb/s
  Stream #1:0: Audio: pcm_s16le ([1][0][0][0] / 0x0001), 22050 Hz, mono, s16, 352 kb/s
[aist#2:0/pcm_s16le @ 0xa8ac14900] Guessed Channel Layout: mono
Input #2, wav, from '/Users/swethashankar/Documents/OPT/MediverseVR/jobs/5e5d6db4-0e06-4b8f-94ae-71df3c7c7023/audio_steps/step_0001_35ed3bc622040fc2.wav':
  Duration: 00:00:10.97, bitrate: 352 kb/s
  Stream #2:0: Audio: pcm_s16le ([1][0][0][0] / 0x0001), 22050 Hz, mono, s16, 352 kb/s
[aist#3:0/pcm_s16le @ 0xa8ac14a80] Guessed Channel Layout: mono
Input #3, wav, from '/Users/swethashankar/Documents/OPT/MediverseVR/jobs/5e5d6db4-0e06-4b8f-94ae-71df3c7c7023/audio_steps/step_0002_703e2ed66a735d5f.wav':
  Duration: 00:00:04.42, bitrate: 352 kb/s
  Stream #3:0: Audio: pcm_s16le ([1][0][0][0] / 0x0001), 22050 Hz, mono, s16, 352 kb/s
Input #4, srt, from '/Users/swethashankar/Documents/OPT/MediverseVR/jobs/5e5d6db4-0e06-4b8f-94ae-71df3c7c7023/captions.srt':
  Duration: N/A, bitrate: N/A
  Stream #4:0: Subtitle: subrip (srt)
Stream mapping:
  Stream #0:1 (aac) -> amix
  Stream #1:0 (pcm_s16le) -> adelay:default
  Stream #2:0 (pcm_s16le) -> adelay:default
  Stream #3:0 (pcm_s16le) -> adelay:default
  Stream #0:0 -> #0:0 (h264 (native) -> h264 (libx264))
  amix:default -> Stream #0:1 (aac)
  Stream #4:0 -> #0:2 (subrip (srt) -> mov_text (native))
Press [q] to stop, [?] for help
[libx264 @ 0xa8b41ad80] using SAR=1/1
[libx264 @ 0xa8b41ad80] using cpu capabilities: ARMv8 NEON DotProd I8MM
[libx264 @ 0xa8b41ad80] profile High, level 3.1, 4:2:0, 8-bit
[libx264 @ 0xa8b41ad80] 264 - core 165 r3222 b35605a - H.264/MPEG-4 AVC codec - Copyleft 2003-2025 - http://www.videolan.org/x264.html - options: cabac=1 ref=2 deblock=1:0:0 analyse=0x3:0x113 me=hex subme=6 psy=1 psy_rd=1.00:0.00 mixed_ref=1 me_range=16 chroma_me=1 trellis=1 8x8dct=1 cqm=0 deadzone=21,11 fast_pskip=1 chroma_qp_offset=-2 threads=15 lookahead_threads=2 sliced_threads=0 nr=0 decimate=1 interlaced=0 bluray_compat=0 constrained_intra=0 bframes=3 b_pyramid=2 b_adapt=1 b_bias=0 direct=1 weightb=1 open_gop=0 weightp=1 keyint=250 keyint_min=25 scenecut=40 intra_refresh=0 rc_lookahead=30 rc=crf mbtree=1 crf=23.0 qcomp=0.60 qpmin=0 qpmax=69 qpstep=4 ip_ratio=1.40 aq=1:1.00
Output #0, mp4, to '/Users/swethashankar/Documents/OPT/MediverseVR/jobs/5e5d6db4-0e06-4b8f-94ae-71df3c7c7023/narrated_input_video.mp4':
  Metadata:
    major_brand     : isom
    minor_version   : 512
    compatible_brands: isomiso2avc1mp41
    encoder         : Lavf62.12.100
  Stream #0:0(und): Video: h264 (avc1 / 0x31637661), yuv420p(tv, progressive), 1280x720 [SAR 1:1 DAR 16:9], q=2-31, 30 fps, 15360 tbn (default)
    Metadata:
      encoder         : Lavc62.28.100 libx264
      handler_name    : VideoHandler
    Side data:
      CPB properties: bitrate max/min/avg: 0/0/0 buffer size: 0 vbv_delay: N/A
  Stream #0:1: Audio: aac (LC) (mp4a / 0x6134706D), 44100 Hz, mono, fltp, 192 kb/s
    Metadata:
      encoder         : Lavc62.28.100 aac
  Stream #0:2: Subtitle: mov_text (tx3g / 0x67337874)
    Metadata:
      encoder         : Lavc62.28.100 mov_text
frame=  373 fps=0.0 q=29.0 size=       0KiB time=00:00:12.36 bitrate=   0.0kbits/s speed=24.5x elapsed=0:00:00.50    frame=  789 fps=782 q=29.0 size=       0KiB time=00:00:26.23 bitrate=   0.0kbits/s speed=  26x elapsed=0:00:01.00    frame= 1211 fps=800 q=29.0 size=     256KiB time=00:00:40.30 bitrate=  52.0kbits/s speed=26.6x elapsed=0:00:01.51    [out#0/mp4 @ 0xa8b005080] video:53KiB audio:333KiB subtitle:0KiB other streams:0KiB global headers:0KiB muxing overhead: 12.840846%
frame= 1350 fps=816 q=-1.0 Lsize=     436KiB time=00:00:31.62 bitrate= 113.0kbits/s speed=19.1x elapsed=0:00:01.65    
[libx264 @ 0xa8b41ad80] frame I:6     Avg QP: 7.50  size:   219
[libx264 @ 0xa8b41ad80] frame P:340   Avg QP:10.08  size:    42
[libx264 @ 0xa8b41ad80] frame B:1004  Avg QP:13.67  size:    38
[libx264 @ 0xa8b41ad80] consecutive B-frames:  0.8%  0.0%  0.2% 99.0%
[libx264 @ 0xa8b41ad80] mb I  I16..4: 100.0%  0.0%  0.0%
[libx264 @ 0xa8b41ad80] mb P  I16..4:  0.0%  0.0%  0.0%  P16..4:  0.0%  0.0%  0.0%  0.0%  0.0%    skip:100.0%
[libx264 @ 0xa8b41ad80] mb B  I16..4:  0.0%  0.0%  0.0%  B16..8:  0.0%  0.0%  0.0%  direct: 0.0%  skip:100.0%
[libx264 @ 0xa8b41ad80] 8x8 transform intra:0.0%
[libx264 @ 0xa8b41ad80] coded y,uvDC,uvAC intra: 0.0% 0.0% 0.0% inter: 0.0% 0.0% 0.0%
[libx264 @ 0xa8b41ad80] i16 v,h,dc,p: 98%  0%  2%  0%
[libx264 @ 0xa8b41ad80] i8c dc,h,v,p: 100%  0%  0%  0%
[libx264 @ 0xa8b41ad80] Weighted P-Frames: Y:0.0% UV:0.0%
[libx264 @ 0xa8b41ad80] kb/s:9.49
[aac @ 0xa8b535f80] Qavg: 63811.578
============================================================
  MediverseVR — Video Composer
============================================================

📄 Manifest:    /Users/swethashankar/Documents/OPT/MediverseVR/jobs/5e5d6db4-0e06-4b8f-94ae-71df3c7c7023/audio_manifest.json
   ✔  3 audio clip(s) loaded.

🎬 Video:       /Users/swethashankar/Documents/OPT/MediverseVR/jobs/5e5d6db4-0e06-4b8f-94ae-71df3c7c7023/input_video.mp4
   Duration:   45.00s
   Has audio:  yes

📝 Captions:    /Users/swethashankar/Documents/OPT/MediverseVR/jobs/5e5d6db4-0e06-4b8f-94ae-71df3c7c7023/captions.srt
   Mode:       soft subtitle track (selectable in VLC / most players)

🔊 Narration clips to overlay:
       Offset     Duration   File
       ──────     ────────   ────
       9.560s        5.24s   step_0000_e91b802e043b1f68.wav
      19.920s       10.97s   step_0001_35ed3bc622040fc2.wav
      27.200s        4.42s   step_0002_703e2ed66a735d5f.wav

💾 Output:      /Users/swethashankar/Documents/OPT/MediverseVR/jobs/5e5d6db4-0e06-4b8f-94ae-71df3c7c7023/narrated_input_video.mp4

🔧 ffmpeg command:
   ffmpeg -y -i /Users/swethashankar/Documents/OPT/MediverseVR/jobs/5e5d6db4-0e06-4b8f-94ae-71df3c7c7023/input_video.mp4 -i /Users/swethashankar/Documents/OPT/MediverseVR/jobs/5e5d6db4-0e06-4b8f-94ae-71df3c7c7023/audio_steps/step_0000_e91b802e043b1f68.wav -i /Users/swethashankar/Documents/OPT/MediverseVR/jobs/5e5d6db4-0e06-4b8f-94ae-71df3c7c7023/audio_steps/step_0001_35ed3bc622040fc2.wav -i /Users/swethashankar/Documents/OPT/MediverseVR/jobs/5e5d6db4-0e06-4b8f-94ae-71df3c7c7023/audio_steps/step_0002_703e2ed66a735d5f.wav -i /Users/swethashankar/Documents/OPT/MediverseVR/jobs/5e5d6db4-0e06-4b8f-94ae-71df3c7c7023/captions.srt -filter_complex "[1:a]adelay=9560|9560,volume=1.0[a0]; [2:a]adelay=19920|19920,volume=1.0[a1]; [3:a]adelay=27200|27200,volume=1.0[a2]; [0:a][a0][a1][a2]amix=inputs=4:normalize=0[aout]" -map 0:v -map [aout] -map 4:s -c:s mov_text -c:v libx264 -preset fast -crf 23 -c:a aac -b:a 192k /Users/swethashankar/Documents/OPT/MediverseVR/jobs/5e5d6db4-0e06-4b8f-94ae-71df3c7c7023/narrated_input_video.mp4

⏳ Composing video... (this may take a moment)


✅ Done!
   Output: /Users/swethashankar/Documents/OPT/MediverseVR/jobs/5e5d6db4-0e06-4b8f-94ae-71df3c7c7023/narrated_input_video.mp4  (0.4 MB)
   Open in VLC or QuickTime to verify audio sync and captions.


════════════════════════════════════════════════════════════
  MediverseVR — Full Narration Pipeline
════════════════════════════════════════════════════════════

  Work dir:  /Users/swethashankar/Documents/OPT/MediverseVR/jobs/5e5d6db4-0e06-4b8f-94ae-71df3c7c7023
  Events:    /Users/swethashankar/Documents/OPT/MediverseVR/jobs/5e5d6db4-0e06-4b8f-94ae-71df3c7c7023/surgery_events.json
  Video:     /Users/swethashankar/Documents/OPT/MediverseVR/jobs/5e5d6db4-0e06-4b8f-94ae-71df3c7c7023/input_video.mp4
  Output:    /Users/swethashankar/Documents/OPT/MediverseVR/jobs/5e5d6db4-0e06-4b8f-94ae-71df3c7c7023/narrated_input_video.mp4
  Force:     no (skip steps whose output exists)

  Pre-flight checks
  ✔  All inputs present.

────────────────────────────────────────────────────────────
  Step 1: Generate narration text  (BioMistral-7B)
────────────────────────────────────────────────────────────
  ⏭  Skipped — --skip-narration flag set

────────────────────────────────────────────────────────────
  Step 2: Text-to-speech audio generation  (Coqui TTS)
────────────────────────────────────────────────────────────
  $ /Users/swethashankar/Documents/OPT/MediverseVR/.venv/bin/python /Users/swethashankar/Documents/OPT/MediverseVR/generate_step_audio.py --input /Users/swethashankar/Documents/OPT/MediverseVR/jobs/5e5d6db4-0e06-4b8f-94ae-71df3c7c7023/final_mapped.json --output-manifest /Users/swethashankar/Documents/OPT/MediverseVR/jobs/5e5d6db4-0e06-4b8f-94ae-71df3c7c7023/audio_manifest.json --audio-dir /Users/swethashankar/Documents/OPT/MediverseVR/jobs/5e5d6db4-0e06-4b8f-94ae-71df3c7c7023/audio_steps --model tts_models/en/ljspeech/glow-tts


  ✔  Step 2 complete  (12.1s)

────────────────────────────────────────────────────────────
  Step 3: Generate SRT subtitle file
────────────────────────────────────────────────────────────
  $ /Users/swethashankar/Documents/OPT/MediverseVR/.venv/bin/python /Users/swethashankar/Documents/OPT/MediverseVR/generate_srt.py --manifest /Users/swethashankar/Documents/OPT/MediverseVR/jobs/5e5d6db4-0e06-4b8f-94ae-71df3c7c7023/audio_manifest.json --fallback /Users/swethashankar/Documents/OPT/MediverseVR/jobs/5e5d6db4-0e06-4b8f-94ae-71df3c7c7023/final_mapped.json --output /Users/swethashankar/Documents/OPT/MediverseVR/jobs/5e5d6db4-0e06-4b8f-94ae-71df3c7c7023/captions.srt


  ✔  Step 3 complete  (0.0s)

────────────────────────────────────────────────────────────
  Step 4: Compose narrated video  (ffmpeg)
────────────────────────────────────────────────────────────
  $ /Users/swethashankar/Documents/OPT/MediverseVR/.venv/bin/python /Users/swethashankar/Documents/OPT/MediverseVR/compose_video.py --video /Users/swethashankar/Documents/OPT/MediverseVR/jobs/5e5d6db4-0e06-4b8f-94ae-71df3c7c7023/input_video.mp4 --manifest /Users/swethashankar/Documents/OPT/MediverseVR/jobs/5e5d6db4-0e06-4b8f-94ae-71df3c7c7023/audio_manifest.json --srt /Users/swethashankar/Documents/OPT/MediverseVR/jobs/5e5d6db4-0e06-4b8f-94ae-71df3c7c7023/captions.srt --narration-volume 1.0 --output /Users/swethashankar/Documents/OPT/MediverseVR/jobs/5e5d6db4-0e06-4b8f-94ae-71df3c7c7023/narrated_input_video.mp4


  ✔  Step 4 complete  (2.1s)

════════════════════════════════════════════════════════════
  Pipeline Summary
════════════════════════════════════════════════════════════
  ✔  done      Step 1 — Narration generation
  ✔  done      Step 2 — TTS audio
  ✔  done      Step 3 — SRT subtitles
  ✔  done      Step 4 — Video composition

  🎬 Output video: /Users/swethashankar/Documents/OPT/MediverseVR/jobs/5e5d6db4-0e06-4b8f-94ae-71df3c7c7023/narrated_input_video.mp4  (0.4 MB)

  Total time: 14.3s
════════════════════════════════════════════════════════════

