/Users/swethashankar/Documents/OPT/MediverseVR/.venv/lib/python3.12/site-packages/numpy/lib/_format_impl.py:838: VisibleDeprecationWarning: dtype(): align should be passed as Python or NumPy boolean but got `align=0`. Did you mean to pass a tuple to create a subarray type? (Deprecated NumPy 2.4)
  array = pickle.load(fp, **pickle_kwargs)
ðə peɪʃənt ʌndɚwɛnt ə sɚd͡ʒɪkəl pɹoʊsid͡ʒɚ tə tɹit ə mɛtətɚzəl kəndɪʃən.
Character '͡' not found in the vocabulary. Discarding it.
Wrote manifest: /Users/swethashankar/Documents/OPT/MediverseVR/jobs/4e3fc461-9359-4602-b84a-862427caf662/audio_manifest.json (3 narration clip(s) == 3 WAV file(s))
Audio directory: /Users/swethashankar/Documents/OPT/MediverseVR/jobs/4e3fc461-9359-4602-b84a-862427caf662/audio_steps
============================================================
  MediverseVR — SRT Subtitle Generator
============================================================

📄 Loading from manifest:  /Users/swethashankar/Documents/OPT/MediverseVR/jobs/4e3fc461-9359-4602-b84a-862427caf662/audio_manifest.json
   ✔  3 step(s) loaded from manifest.

┌─────┬──────────────────┬──────────────────┬─────────────────────────────────────────────────┐
│  #  │    Start time    │     End time     │  Text                                           │
├─────┼──────────────────┼──────────────────┼─────────────────────────────────────────────────┤
│ 1   │ 00:00:09,560     │ 00:00:14,797     │ The patient underwent a surgical procedure to t… │
│ 2   │ 00:00:19,920     │ 00:00:30,892     │ A scalpel was used to make an incision on the s… │
│ 3   │ 00:00:27,200     │ 00:00:31,624     │ A drilling procedure was then performed on the … │
└─────┴──────────────────┴──────────────────┴─────────────────────────────────────────────────┘

💾 Writing SRT → /Users/swethashankar/Documents/OPT/MediverseVR/jobs/4e3fc461-9359-4602-b84a-862427caf662/captions.srt
   ✔  captions.srt written (3 subtitle block(s)).

✅ Done! Open the .srt file in any text editor to verify, or
   test it with:  ffplay -vf subtitles=captions.srt <your_video.mp4>


════════════════════════════════════════════════════════════
  MediverseVR — Full Narration Pipeline
════════════════════════════════════════════════════════════

  Work dir:  /Users/swethashankar/Documents/OPT/MediverseVR/jobs/4e3fc461-9359-4602-b84a-862427caf662
  Events:    /Users/swethashankar/Documents/OPT/MediverseVR/jobs/4e3fc461-9359-4602-b84a-862427caf662/surgery_events.json
  Force:     no (skip steps whose output exists)

  Pre-flight checks
  ✔  All inputs present.

────────────────────────────────────────────────────────────
  Step 1: Generate narration text  (BioMistral-7B)
────────────────────────────────────────────────────────────
  ⏭  Skipped — --skip-narration flag set

────────────────────────────────────────────────────────────
  Step 2: Text-to-speech audio generation  (Coqui TTS)
────────────────────────────────────────────────────────────
  $ /Users/swethashankar/Documents/OPT/MediverseVR/.venv/bin/python /Users/swethashankar/Documents/OPT/MediverseVR/generate_step_audio.py --input /Users/swethashankar/Documents/OPT/MediverseVR/jobs/4e3fc461-9359-4602-b84a-862427caf662/final_mapped.json --output-manifest /Users/swethashankar/Documents/OPT/MediverseVR/jobs/4e3fc461-9359-4602-b84a-862427caf662/audio_manifest.json --audio-dir /Users/swethashankar/Documents/OPT/MediverseVR/jobs/4e3fc461-9359-4602-b84a-862427caf662/audio_steps --model tts_models/en/ljspeech/glow-tts


  ✔  Step 2 complete  (25.0s)

────────────────────────────────────────────────────────────
  Step 3: Generate SRT subtitle file
────────────────────────────────────────────────────────────
  $ /Users/swethashankar/Documents/OPT/MediverseVR/.venv/bin/python /Users/swethashankar/Documents/OPT/MediverseVR/generate_srt.py --manifest /Users/swethashankar/Documents/OPT/MediverseVR/jobs/4e3fc461-9359-4602-b84a-862427caf662/audio_manifest.json --fallback /Users/swethashankar/Documents/OPT/MediverseVR/jobs/4e3fc461-9359-4602-b84a-862427caf662/final_mapped.json --output /Users/swethashankar/Documents/OPT/MediverseVR/jobs/4e3fc461-9359-4602-b84a-862427caf662/captions.srt


  ✔  Step 3 complete  (0.0s)

────────────────────────────────────────────────────────────
  Step 4: Video composition
────────────────────────────────────────────────────────────
  ⏭  Skipped — --no-video flag set

════════════════════════════════════════════════════════════
  Pipeline Summary
════════════════════════════════════════════════════════════
  ✔  done      Step 1 — Narration generation
  ✔  done      Step 2 — TTS audio
  ✔  done      Step 3 — SRT subtitles
  ✔  done      Step 4 — Video composition

  Total time: 25.0s
════════════════════════════════════════════════════════════

